// Jest Snapshot v1, https://goo.gl/fbAQLP

exports[`renders page 1`] = `null`;
